// Jest Snapshot v1, https://goo.gl/fbAQLP

exports[`Add Student should render Practice Component 1`] = `
Array [
  <div
    className="App"
  >
    <header
      className="App-header"
    >
      <h1>
        React Unit Testing
      </h1>
      <Practice />
    </header>
  </div>,
]
`;
