// Jest Snapshot v1, https://goo.gl/fbAQLP

exports[`App Component should render correctly app component 1`] = `ShallowWrapper {}`;
