// Jest Snapshot v1, https://goo.gl/fbAQLP

exports[`App component testing app component 1`] = `ShallowWrapper {}`;
